map[string]interface{}{"matches": []string{"a/0/aa", "b", "c"}, "reads": map[string]int{
	".":   1,
	"a":   1,
	"a/0": 1,
}}
