map[string]interface{}{
	"matches": []string{
		"1/0", "2/0/aa/d/aa", "a/0/aa", "a/1/aa",
		"b",
		"c",
		"d/0",
		"d/1/aa",
	},
	"reads": map[string]int{
		".":        1,
		"1":        1,
		"2":        1,
		"2/0":      1,
		"2/0/aa":   1,
		"2/0/aa/d": 1,
		"a":        1,
		"a/0":      1,
		"a/1":      1,
		"d":        1,
		"d/1":      1,
	},
}
