map[string]interface{}{
	"matches": []string{
		"1", "2", "a", "a/0", "a/0/aa", "a/1",
		"b",
		"c",
		"d",
	},
	"reads": map[string]int{
		".":   1,
		"a":   1,
		"a/0": 1,
	},
}
