map[string]interface{}{"matches": []string{}, "reads": map[string]int{}}
